HI-TECH Software 8051-C Compiler V9.60

Linker command line:

--edf=C:\PROGRA~2\HI-TEC~1\HC51\lite\9.60\dat\en_msgs.txt -h+Z:\p2.sym -z \
  -Q8051AH -ol.obj -MZ:\p2.map -E1 -ver=8051-C#V9.60 -ACODE=00h-0FFFh \
  -pvectors=00h -prbit=0/20h,rbss,rdata/CODE,irdata/CODE,idata/rbss \
  -pbss=XDATA/idata -pdata=CODE+100h -pconst=CODE+100h -pstrings=CODE+100h \
  -pnvram=bss,heap C:\Users\class\AppData\Local\Temp\s928.obj Z:\main_0.obj \
  C:\PROGRA~2\HI-TEC~1\HC51\lite\9.60\lib\51--nsc.lib 

Object code version is 3.8

Machine type is 8051AH

Call graph:

*start1 size 0,0 offset 0
*    _main size 0,7 offset 0
*        _sec size 0,2 offset 7

		Name          Link     Load   Length Selector Space Scale
C:\Users\class\AppData\Local\Temp\s928.obj
		vectors          0        0        3       0     0
		text            C7       C7       14       0     0
Z:\main_0.obj   text             3        3       C4       0     0

C:\PROGRA~2\HI-TEC~1\HC51\lite\9.60\lib\51--nsc.lib
powerup.obj     text            DB       DB        3       0     0

COMMON          rbss            20       20        9      20     1

TOTAL		Name          Link     Load   Length
	CLASS	CODE     
		vectors          0        0        3
		text            C7       C7       14
		text             3        3       C4
		text            DB       DB        3

	CLASS	DATA     
		rbss            20       20        9

	CLASS	XDATA    

	CLASS	BITSEG   



SEGMENTS	Name		Load	Length	 Top	Selector    Space Class

		vectors         000000	0000DE	0000DE	       0       0  CODE    
		rbit            000020	000009	000029	      20       1  BITSEG  


UNUSED ADDRESS RANGES

	CODE             0DE-FFF

                                  Symbol Table

?a_main        rbss    020  ?a_sec         rbss    027
__Bbss         bss     029  __Bidata       idata   029
__Birdata      irdata  003  __Brbit        rbit    020
__Brdata       rdata   003  __Hbss         bss     029
__Hcode        code    029  __Hconst       const   100
__Hdata        data    100  __Hheap        heap    029
__Hidata       idata   029  __Hirdata      irdata  029
__Hnvram       nvram   029  __Hrbit        rbit    000
__Hrbss        rbss    029  __Hrdata       rdata   029
__Hstrings     strings 100  __Htext        text    029
__Hvectors     vectors 003  __Lbss         bss     029
__Lcode        code    029  __Lconst       const   100
__Ldata        data    100  __Lheap        heap    029
__Lidata       idata   029  __Lirdata      irdata  029
__Lnvram       nvram   029  __Lrbit        rbit    000
__Lrbss        rbss    020  __Lrdata       rdata   029
__Lstrings     strings 100  __Ltext        text    029
__Lvectors     vectors 000  __S0           (abs)   100
_exit          text    0D8  _main          text    03A
_sec           text    003  intlevel0      (abs)   000
intlevel1      (abs)   000  powerup        text    0DB
small_model    (abs)   001  stack_internal (abs)   001
start          vectors 000  start1         text    0C7
