HI-TECH Software 8051-C Compiler V9.60

Linker command line:

--edf=C:\PROGRA~2\HI-TEC~1\HC51\lite\9.60\dat\en_msgs.txt \
  -h+C:\Users\class\Desktop\p3\p3\p3\p3.sym -z -Q8051AH -ol.obj \
  -MC:\Users\class\Desktop\p3\p3\p3\p3.map -E1 -ver=8051-C#V9.60 \
  -ACODE=00h-0FFFh -pvectors=00h \
  -prbit=0/20h,rbss,rdata/CODE,irdata/CODE,idata/rbss -pbss=XDATA/idata \
  -pdata=CODE+100h -pconst=CODE+100h -pstrings=CODE+100h -pnvram=bss,heap \
  C:\Users\class\AppData\Local\Temp\s3o.obj \
  C:\Users\class\Desktop\p3\p3\p3\main_0.obj \
  C:\PROGRA~2\HI-TEC~1\HC51\lite\9.60\lib\51--nsc.lib 

Object code version is 3.8

Machine type is 8051AH

Call graph:

*start1 size 0,0 offset 0
*    _main size 0,6 offset 0

		Name          Link     Load   Length Selector Space Scale
C:\Users\class\AppData\Local\Temp\s3o.obj
		vectors          0        0        3       0     0
		text            C3       C3       14       0     0
C:\Users\class\Desktop\p3\p3\p3\main_0.obj
		strings        100      100        7     100     0
		text             3        3       C0       0     0

C:\PROGRA~2\HI-TEC~1\HC51\lite\9.60\lib\51--nsc.lib
ldc_byte.obj    text           107      107       73     100     0
powerup.obj     text            D7       D7        3       0     0

COMMON          rbss            20       20        6      20     1

TOTAL		Name          Link     Load   Length
	CLASS	CODE     
		vectors          0        0        3
		text            C3       C3       14
		strings        100      100        7
		text             3        3       C0
		text           107      107       73
		text            D7       D7        3

	CLASS	DATA     
		rbss            20       20        6

	CLASS	XDATA    

	CLASS	BITSEG   



SEGMENTS	Name		Load	Length	 Top	Selector    Space Class

		vectors         000000	0000DA	0000DA	       0       0  CODE    
		rbit            000020	000006	000026	      20       1  BITSEG  
		data            000100	00007A	00017A	     100       0  CODE    


UNUSED ADDRESS RANGES

	CODE             0DA-0FF
	                 17A-FFF

                                  Symbol Table

?a_main        rbss    020  __Bbss         bss     026
__Bidata       idata   026  __Birdata      irdata  003
__Brbit        rbit    020  __Brdata       rdata   003
__Hbss         bss     026  __Hcode        code    026
__Hconst       const   100  __Hdata        data    100
__Hheap        heap    026  __Hidata       idata   026
__Hirdata      irdata  026  __Hnvram       nvram   026
__Hrbit        rbit    000  __Hrbss        rbss    026
__Hrdata       rdata   026  __Hstrings     strings 107
__Htext        text    026  __Hvectors     vectors 003
__Lbss         bss     026  __Lcode        code    026
__Lconst       const   100  __Ldata        data    100
__Lheap        heap    026  __Lidata       idata   026
__Lirdata      irdata  026  __Lnvram       nvram   026
__Lrbit        rbit    000  __Lrbss        rbss    020
__Lrdata       rdata   026  __Lstrings     strings 100
__Ltext        text    026  __Lvectors     vectors 000
__S0           (abs)   17A  _exit          text    0D4
_main          text    003  intlevel0      (abs)   000
intlevel1      (abs)   000  ldb_r0         text    116
ldb_r1         text    123  ldb_r2         text    130
ldb_r3         text    13D  ldb_r4         text    14A
ldb_r5         text    157  ldb_r6         text    164
ldb_r7         text    171  ldc_byte       text    107
ldc_r0         text    112  ldc_r1         text    11F
ldc_r2         text    12C  ldc_r3         text    139
ldc_r4         text    146  ldc_r5         text    153
ldc_r6         text    160  ldc_r7         text    16D
powerup        text    0D7  small_model    (abs)   001
stack_internal (abs)   001  start          vectors 000
start1         text    0C3  
