

HI-TECH Software 8051 Macro Assembler V9.60                                Page 1
                                                       Wed Jun 18 20:22:40 2025

     1                           	psect	idata,class=DATA,space=1,limit=080h
     2                           	psect	irdata,class=DATA,limit=080h
     3                           	global	_tput
     4                           	signat	_tput,4216
     5                           	global	stack_internal
     6                           	psect	text,class=CODE
     7                           	psect	text
     8                           	file	"C:\Users\danii\OneDrive\F0A5~1\P6\p6\p6\m
                                 ain.c"
     9                           	line	4
    10  00003                     _tput:
    11  00003  80 10              	j	f1411
    12  00005                     f1410:
    13                           ;main.c: 3: void tput(unsigned char c1)
    14                           
    15                           ;main.c: 4: {
    16                           
    17                           ;main.c: 5: SBUF=c1;
    18                           
    19                           	line	5
    20  00005  8D 99              	mov	099h,r5
    21                           ;main.c: 6: while(!TI);
    22                           
    23                           ;	var   _c1 assigned to ?a_tput+0
    24                           ;_c1 stored from r5
    25                           	line	6
    26  00007  8D 24              	mov	?a_tput+0,r5
    27  00009  80 00              	jmp	l3
    28  0000B                     l4:
    29  0000B                     l3:
    30  0000B  30 99 02           	bnb	scon.1, u11
    31  0000E  80 02              	jmp	u10
    32  00010                     u11:
    33  00010  80 F9              	jmp	l4
    34  00012                     u10:
    35  00012                     l5:
    36                           ;main.c: 7: TI=0;
    37                           
    38                           	line	7
    39  00012  C2 99              	clr	scon.1
    40                           ;main.c: 8: }
    41                           
    42                           	line	8
    43  00014                     l2:
    44  00014  22                 	ret
    45  00015                     f1411:
    46  00015  80 EE              	j	f1410
    47                           	FNSIZE	_tput,1,0
    48                           	global	?a_tput
    49  0000                     f1412	equ	0
    50                           	global	_main
    51                           	signat	_main,88
    52                           	line	10
    53  00017                     _main:
    54  00017  02 00AA            	j	f1421
    55  0001A                     f1420:
    56                           ;main.c: 9: void main()
    57                           
    58                           ;main.c: 10: {
    59                           
    60                           ;	var   _i assigned to ?a_main+0
    61                           ;	var   _src assigned to ?a_main+2
    62                           ;main.c: 11: int i;
    63                           
    64                           ;main.c: 13: unsigned char *src = (unsigned char
                                  *)0x30;
    65                           
    66                           	line	13
    67  0001A  75 22  00          	mov	?a_main+2,#high(48)
    68  0001D  75 23  30          	mov	?a_main+2+1,#low(48)
    69                           ;main.c: 14: src[0] = 'D';
    70                           
    71                           	line	14
    72  00020  A9 23              	mov	r1,?a_main+2+1
    73  00022  77 44              	mov	@r1,#68
    74                           ;main.c: 15: src[1] = 'a';
    75                           
    76                           	line	15
    77  00024  E5 23              	mov	a,?a_main+2+1
    78  00026  24 01              	add	a,#1
    79  00028  F8                 	mov	r0,a
    80  00029  76 61              	mov	@r0,#97
    81                           ;main.c: 16: src[2] = 'n';
    82                           
    83                           	line	16
    84  0002B  E5 23              	mov	a,?a_main+2+1
    85  0002D  24 02              	add	a,#2
    86  0002F  F8                 	mov	r0,a
    87  00030  76 6E              	mov	@r0,#110
    88                           ;main.c: 17: src[3] = 'i';
    89                           
    90                           	line	17
    91  00032  E5 23              	mov	a,?a_main+2+1
    92  00034  24 03              	add	a,#3
    93  00036  F8                 	mov	r0,a
    94  00037  76 69              	mov	@r0,#105
    95                           ;main.c: 18: src[4] = 'i';
    96                           
    97                           	line	18
    98  00039  E5 23              	mov	a,?a_main+2+1
    99  0003B  24 04              	add	a,#4
   100  0003D  F8                 	mov	r0,a
   101  0003E  76 69              	mov	@r0,#105
   102                           ;main.c: 19: src[5] = 'l';
   103                           
   104                           	line	19
   105  00040  E5 23              	mov	a,?a_main+2+1
   106  00042  24 05              	add	a,#5
   107  00044  F8                 	mov	r0,a
   108  00045  76 6C              	mov	@r0,#108
   109                           ;main.c: 21: TMOD= 0x20;
   110                           
   111                           	line	21
   112  00047  75 89 20           	mov	089h,#32
   113                           ;main.c: 22: TH1= 0x0FD;
   114                           
   115                           	line	22
   116  0004A  75 8D FD           	mov	08Dh,#253
   117                           ;main.c: 23: PCON=0x80;
   118                           
   119                           	line	23
   120  0004D  75 87 80           	mov	087h,#128
   121                           ;main.c: 24: TR1=0x1;
   122                           
   123                           	line	24
   124  00050  D2 8E              	setb	tcon.6
   125                           ;main.c: 25: for(i=0; i<6; i++)
   126                           
   127                           	line	25
   128  00052  E4                 	clr	a
   129  00053  F5 20              	mov	?a_main+0,a
   130  00055  F5 21              	mov	?a_main+0+1,a
   131  00057  E5 21              	mov	a,?a_main+0+1
   132  00059  24 FA              	add	a,#low -(6)
   133  0005B  E5 20              	mov	a,?a_main+0
   134  0005D  64 80              	xrl	a,#80h
   135  0005F  34 7F              	addc	a,#(high -(6))xor 80h
   136  00061  50 02              	bnc	u21
   137  00063  80 02              	jmp	u20
   138  00065                     u21:
   139  00065  80 02              	jmp	l7
   140  00067                     u20:
   141  00067  80 3E              	jmp	l8
   142                           	line	26
   143  00069                     l7:
   144                           ;main.c: 26: {
   145                           
   146                           ;main.c: 27: ACC=src[i];
   147                           
   148                           	line	27
   149  00069  E5 21              	mov	a,?a_main+0+1
   150  0006B  25 23              	add	a,?a_main+2+1
   151  0006D  F5 82              	mov	dpl,a
   152  0006F  E5 20              	mov	a,?a_main+0
   153  00071  35 22              	addc	a,?a_main+2
   154  00073  F5 83              	mov	dph,a
   155                           	global	ldc_byte
   156  00075  12 00AD            	call	ldc_byte
   157  00078  F5 E0              	mov	0E0h,a
   158                           ;main.c: 28: SCON = 0x40;
   159                           
   160                           	line	28
   161  0007A  75 98 40           	mov	098h,#64
   162                           ;main.c: 29: tput (src[i]);
   163                           
   164                           	FNCALL	_main,_tput
   165                           	line	29
   166  0007D  E5 21              	mov	a,?a_main+0+1
   167  0007F  25 23              	add	a,?a_main+2+1
   168  00081  F5 82              	mov	dpl,a
   169  00083  E5 20              	mov	a,?a_main+0
   170  00085  35 22              	addc	a,?a_main+2
   171  00087  F5 83              	mov	dph,a
   172                           	global	ldc_r5
   173  00089  12 00F9            	call	ldc_r5
   174  0008C  12 0003            	lcall	_tput
   175                           
   176                           	line	25
   177  0008F  05 21              	inc	?a_main+0+1
   178  00091  E5 21              	mov	a,?a_main+0+1
   179  00093  70 02              	jnz	u30
   180  00095  05 20              	inc	?a_main+0
   181  00097                     u30:
   182  00097  E5 21              	mov	a,?a_main+0+1
   183  00099  24 FA              	add	a,#low -(6)
   184  0009B  E5 20              	mov	a,?a_main+0
   185  0009D  64 80              	xrl	a,#80h
   186  0009F  34 7F              	addc	a,#(high -(6))xor 80h
   187  000A1  50 02              	bnc	u41
   188  000A3  80 02              	jmp	u40
   189  000A5                     u41:
   190  000A5  80 C2              	jmp	l7
   191  000A7                     u40:
   192  000A7                     l8:
   193                           ;main.c: 30: }
   194                           
   195                           ;main.c: 31: while(1){}
   196                           
   197                           	line	31
   198  000A7                     l11:
   199  000A7                     l10:
   200  000A7  80 FE              	jmp	l11
   201  000A9                     l12:
   202                           ;main.c: 32: }
   203                           
   204                           	line	32
   205  000A9                     l6:
   206  000A9  22                 	ret
   207  000AA                     f1421:
   208  000AA  02 001A            	j	f1420
   209                           	FNSIZE	_main,4,0
   210                           	global	?a_main
   211  0000                     f1422	equ	0
   212  0000                     _A10	equ	162
   213  0000                     _A11	equ	163
   214  0000                     _A12	equ	164
   215  0000                     _A13	equ	165
   216  0000                     _A14	equ	166
   217  0000                     _A15	equ	167
   218  0000                     _A8	equ	160
   219+ 0000                     _A9	equ	161
   220  0000                     _AC	equ	214
   221  0000                     _ACC0	equ	224
   222  0000                     _ACC1	equ	225
   223  0000                     _ACC2	equ	226
   224  0000                     _ACC3	equ	227
   225  0000                     _ACC4	equ	228
   226  0000                     _ACC5	equ	229
   227  0000                     _ACC6	equ	230
   228  0000                     _ACC7	equ	231
   229  0000                     _AD0	equ	128
   230  0000                     _AD1	equ	129
   231  0000                     _AD2	equ	130
   232  0000                     _AD3	equ	131
   233  0000                     _AD4	equ	132
   234  0000                     _AD5	equ	133
   235  0000                     _AD6	equ	134
   236  0000                     _AD7	equ	135
   237  0000                     _B0	equ	240
   238  0000                     _B1	equ	241
   239  0000                     _B2	equ	242
   240  0000                     _B3	equ	243
   241  0000                     _B4	equ	244
   242  0000                     _B5	equ	245
   243  0000                     _B6	equ	246
   244  0000                     _B7	equ	247
   245  0000                     _CY	equ	215
   246  0000                     _EA	equ	175
   247  0000                     _ES	equ	172
   248  0000                     _ET0	equ	169
   249  0000                     _ET1	equ	171
   250  0000                     _EX0	equ	168
   251  0000                     _EX1	equ	170
   252  0000                     _F0	equ	213
   253  0000                     _IE0	equ	137
   254  0000                     _IE1	equ	139
   255  0000                     _INT0	equ	178
   256  0000                     _INT1	equ	179
   257  0000                     _IT0	equ	136
   258  0000                     _IT1	equ	138
   259  0000                     _OV	equ	210
   260  0000                     _P	equ	208
   261  0000                     _P00	equ	128
   262  0000                     _P01	equ	129
   263  0000                     _P02	equ	130
   264  0000                     _P03	equ	131
   265  0000                     _P04	equ	132
   266  0000                     _P05	equ	133
   267  0000                     _P06	equ	134
   268  0000                     _P07	equ	135
   269  0000                     _P10	equ	144
   270  0000                     _P11	equ	145
   271  0000                     _P12	equ	146
   272  0000                     _P13	equ	147
   273  0000                     _P14	equ	148
   274  0000                     _P15	equ	149
   275  0000                     _P16	equ	150
   276  0000                     _P17	equ	151
   277  0000                     _P20	equ	160
   278  0000                     _P21	equ	161
   279  0000                     _P22	equ	162
   280  0000                     _P23	equ	163
   281  0000                     _P24	equ	164
   282  0000                     _P25	equ	165
   283  0000                     _P26	equ	166
   284  0000                     _P27	equ	167
   285  0000                     _P30	equ	176
   286  0000                     _P31	equ	177
   287  0000                     _P32	equ	178
   288  0000                     _P33	equ	179
   289  0000                     _P34	equ	180
   290  0000                     _P35	equ	181
   291  0000                     _P36	equ	182
   292  0000                     _P37	equ	183
   293  0000                     _PS	equ	188
   294  0000                     _PT0	equ	185
   295  0000                     _PT1	equ	187
   296  0000                     _PX0	equ	184
   297  0000                     _PX1	equ	186
   298  0000                     _RB8	equ	154
   299  0000                     _RD	equ	183
   300  0000                     _REN	equ	156
   301  0000                     _RI	equ	152
   302  0000                     _RS0	equ	211
   303  0000                     _RS1	equ	212
   304  0000                     _RXD	equ	176
   305  0000                     _SM0	equ	159
   306  0000                     _SM1	equ	158
   307  0000                     _SM2	equ	157
   308  0000                     _T0	equ	180
   309  0000                     _T1	equ	181
   310  0000                     _TB8	equ	155
   311  0000                     _TF0	equ	141
   312  0000                     _TF1	equ	143
   313  0000                     _TI	equ	153
   314  0000                     _TR0	equ	140
   315  0000                     _TR1	equ	142
   316  0000                     _TXD	equ	177
   317  0000                     _WR	equ	182
   318  0000                     _ACC	equ	224
   319  0000                     _B	equ	240
   320  0000                     _DPH	equ	131
   321  0000                     _DPL	equ	130
   322  0000                     _IE	equ	168
   323  0000                     _IP	equ	184
   324  0000                     _P0	equ	128
   325  0000                     _P1	equ	144
   326  0000                     _P2	equ	160
   327  0000                     _P3	equ	176
   328  0000                     _PCON	equ	135
   329  0000                     _PSW	equ	208
   330  0000                     _SBUF	equ	153
   331  0000                     _SCON	equ	152
   332  0000                     _SP	equ	129
   333  0000                     _TCON	equ	136
   334  0000                     _TH0	equ	140
   335  0000                     _TH1	equ	141
   336  0000                     _TL0	equ	138
   337  0000                     _TL1	equ	139
   338  0000                     _TMOD	equ	137
   339  0000                     _ACC_BITS	equ	224
   340  0000                     _B_BITS	equ	240
   341  0000                     _IE_BITS	equ	168
   342  0000                     _IP_BITS	equ	184
   343  0000                     _P0_BITS	equ	128
   344  0000                     _P1_BITS	equ	144
   345  0000                     _P2_BITS	equ	160
   346  0000                     _P3_BITS	equ	176
   347  0000                     _PCON_BITS	equ	135
   348  0000                     _PSW_BITS	equ	208
   349  0000                     _SCON_BITS	equ	152
   350  0000                     _TCON_BITS	equ	136
   351  0000                     _TMOD_BITS	equ	137


HI-TECH Software 8051 Macro Assembler V9.60                                Page 2
Symbol Table                                           Wed Jun 18 20:22:40 2025

       ?a_main 00020              _B 000F0              l2 00014  
            l3 0000B              l4 0000B              l5 00012  
            _P 000D0              l6 000A9              l7 00069  
            l8 000A7         ?a_tput 00024             _B0 000F0  
           _B1 000F1             _B2 000F2             _B3 000F3  
           _B4 000F4             _B5 000F5             _B6 000F6  
           _A8 000A0             _B7 000F7             _A9 000A1  
           _F0 000D5             _AC 000D6             l10 000A7  
           l11 000A7             l12 000A9             _EA 000AF  
           _P0 00080             _P1 00090             _P2 000A0  
           _P3 000B0             _IE 000A8             _T0 000B4  
           _T1 000B5             _ES 000AC             _CY 000D7  
           _IP 000B8             _RD 000B7             u10 00012  
           u11 00010             u20 00067             _RI 00098  
           u21 00065             u30 00097             u40 000A7  
           _TI 00099             u41 000A5             _PS 000BC  
           _OV 000D2             _SP 00081             _WR 000B6  
       _B_BITS 000F0            _A10 000A2            _A11 000A3  
          _A12 000A4            _A13 000A5            _A14 000A6  
          _A15 000A7            _AD0 00080            _AD1 00081  
          _AD2 00082            _AD3 00083            _AD4 00084  
          _AD5 00085            _AD6 00086            _AD7 00087  
          _ACC 000E0            _P00 00080            _P01 00081  
          _P10 00090            _P02 00082            _P11 00091  
          _P03 00083            _P20 000A0            _P12 00092  
          _P04 00084            _P21 000A1            _P13 00093  
          _P05 00085            _P30 000B0            _P22 000A2  
          _P14 00094            _P06 00086            _P31 000B1  
          _P23 000A3            _P15 00095            _P07 00087  
          _P32 000B2            _P24 000A4            _P16 00096  
          _P33 000B3            _P25 000A5            _P17 00097  
          _P34 000B4            _P26 000A6            _P35 000B5  
          _P27 000A7            _P36 000B6            _P37 000B7  
          _IE0 00089            _IE1 0008B            _ET0 000A9  
          _ET1 000AB            _EX0 000A8            _EX1 000AA  
          _DPH 00083            _DPL 00082            _IT0 00088  
          _IT1 0008A            _RB8 0009A            _TF0 0008D  
          _TB8 0009B            _TF1 0008F            _TH0 0008C  
          _TH1 0008D            _SM0 0009F            _SM1 0009E  
          _TL0 0008A            _SM2 0009D            _PT0 000B9  
          _TL1 0008B            _PT1 000BB            _RS0 000D3  
          _RS1 000D4            _REN 0009C            _PX0 000B8  
          _PX1 000BA            _TR0 0008C            _TR1 0008E  
          _RXD 000B0            _PSW 000D0            _TXD 000B1  
      _P0_BITS 00080        _P1_BITS 00090        _P2_BITS 000A0  
      _P3_BITS 000B0        _IE_BITS 000A8       _ACC_BITS 000E0  
      _IP_BITS 000B8           f1410 00005           f1411 00015  
         f1420 0001A           f1412 00000           f1421 000AA  
         f1422 00000           _ACC0 000E0           _ACC1 000E1  
         _ACC2 000E2           _ACC3 000E3           _ACC4 000E4  
         _ACC5 000E5           _ACC6 000E6           _ACC7 000E7  
stack_internal 00001           _INT0 000B2           _INT1 000B3  
         _PCON 00087           _SCON 00098           _SBUF 00099  
         _TCON 00088           _TMOD 00089           _main 00017  
         _tput 00003       _PSW_BITS 000D0        ldc_byte 000AD  
        ldc_r5 000F9      _PCON_BITS 00087      _SCON_BITS 00098  
    _TCON_BITS 00088      _TMOD_BITS 00089  
